E:/STMCubeIDE/VL53L5_DISC1/Core/Src/main.c:77:5:_write	24	static
E:/STMCubeIDE/VL53L5_DISC1/Core/Src/main.c:88:5:main	8	static
E:/STMCubeIDE/VL53L5_DISC1/Core/Src/main.c:163:6:SystemClock_Config	88	static
E:/STMCubeIDE/VL53L5_DISC1/Core/Src/main.c:210:13:MX_I2C1_Init	8	static
E:/STMCubeIDE/VL53L5_DISC1/Core/Src/main.c:244:13:MX_USART3_UART_Init	8	static
E:/STMCubeIDE/VL53L5_DISC1/Core/Src/main.c:277:13:MX_GPIO_Init	40	static
E:/STMCubeIDE/VL53L5_DISC1/Core/Src/main.c:303:6:get_data_by_interrupt	24	static,ignoring_inline_asm
E:/STMCubeIDE/VL53L5_DISC1/Core/Src/main.c:334:6:get_data_by_polling	24	static
E:/STMCubeIDE/VL53L5_DISC1/Core/Src/main.c:372:6:Error_Handler	4	static,ignoring_inline_asm
