E:/STMCubeIDE/VL53L5_DISC1/Core/Src/main.c:77:5:_write	1
E:/STMCubeIDE/VL53L5_DISC1/Core/Src/main.c:88:5:main	2
E:/STMCubeIDE/VL53L5_DISC1/Core/Src/main.c:163:6:SystemClock_Config	3
E:/STMCubeIDE/VL53L5_DISC1/Core/Src/main.c:210:13:MX_I2C1_Init	2
E:/STMCubeIDE/VL53L5_DISC1/Core/Src/main.c:244:13:MX_USART3_UART_Init	2
E:/STMCubeIDE/VL53L5_DISC1/Core/Src/main.c:277:13:MX_GPIO_Init	1
E:/STMCubeIDE/VL53L5_DISC1/Core/Src/main.c:303:6:get_data_by_interrupt	4
E:/STMCubeIDE/VL53L5_DISC1/Core/Src/main.c:334:6:get_data_by_polling	4
E:/STMCubeIDE/VL53L5_DISC1/Core/Src/main.c:372:6:Error_Handler	1
